ILI9431.c:33:6:ILI9431_set_gpio	16	static
ILI9431.c:54:6:ILI9431_reset	8	static
ILI9431.c:62:10:ILI9431_read_word	4	static
ILI9431.c:67:6:ILI9431_write_reg	16	static
ILI9431.c:77:6:ILI9431_write_data	16	static
ILI9431.c:86:6:ILI9431_write_ram_pre	8	static
ILI9431.c:91:6:ILI9431_write_Reg_Data	16	static
ILI9431.c:97:6:ILI9431_set_cur	16	static
ILI9431.c:111:6:ILI9431_set_windows	24	static
ILI9431.c:128:6:ILI9431_set_param	8	static
ILI9431.c:140:6:ILI9431_point_color	16	static
ILI9431.c:151:6:ILI9431_init	16	static
