Archive member included to satisfy reference by file (symbol)

c:/st/stm32cubeide_1.4.0/stm32cubeide/plugins/com.st.stm32cube.ide.mcu.externaltools.gnu-tools-for-stm32.7-2018-q2-update.win32_1.4.0.202007081208/tools/bin/../lib/gcc/arm-none-eabi/7.3.1/../../../../arm-none-eabi/lib/thumb/v7-m\libc_nano.a(lib_a-exit.o)
                              c:/st/stm32cubeide_1.4.0/stm32cubeide/plugins/com.st.stm32cube.ide.mcu.externaltools.gnu-tools-for-stm32.7-2018-q2-update.win32_1.4.0.202007081208/tools/bin/../lib/gcc/arm-none-eabi/7.3.1/../../../../arm-none-eabi/lib/thumb/v7-m/crt0.o (exit)
c:/st/stm32cubeide_1.4.0/stm32cubeide/plugins/com.st.stm32cube.ide.mcu.externaltools.gnu-tools-for-stm32.7-2018-q2-update.win32_1.4.0.202007081208/tools/bin/../lib/gcc/arm-none-eabi/7.3.1/../../../../arm-none-eabi/lib/thumb/v7-m\libc_nano.a(lib_a-impure.o)
                              c:/st/stm32cubeide_1.4.0/stm32cubeide/plugins/com.st.stm32cube.ide.mcu.externaltools.gnu-tools-for-stm32.7-2018-q2-update.win32_1.4.0.202007081208/tools/bin/../lib/gcc/arm-none-eabi/7.3.1/../../../../arm-none-eabi/lib/thumb/v7-m\libc_nano.a(lib_a-exit.o) (_global_impure_ptr)
c:/st/stm32cubeide_1.4.0/stm32cubeide/plugins/com.st.stm32cube.ide.mcu.externaltools.gnu-tools-for-stm32.7-2018-q2-update.win32_1.4.0.202007081208/tools/bin/../lib/gcc/arm-none-eabi/7.3.1/../../../../arm-none-eabi/lib/thumb/v7-m\libc_nano.a(lib_a-init.o)
                              c:/st/stm32cubeide_1.4.0/stm32cubeide/plugins/com.st.stm32cube.ide.mcu.externaltools.gnu-tools-for-stm32.7-2018-q2-update.win32_1.4.0.202007081208/tools/bin/../lib/gcc/arm-none-eabi/7.3.1/../../../../arm-none-eabi/lib/thumb/v7-m/crt0.o (__libc_init_array)
c:/st/stm32cubeide_1.4.0/stm32cubeide/plugins/com.st.stm32cube.ide.mcu.externaltools.gnu-tools-for-stm32.7-2018-q2-update.win32_1.4.0.202007081208/tools/bin/../lib/gcc/arm-none-eabi/7.3.1/../../../../arm-none-eabi/lib/thumb/v7-m\libc_nano.a(lib_a-memcpy-stub.o)
                              Drivers/ANALYZE/ANALYZE.o (memcpy)
c:/st/stm32cubeide_1.4.0/stm32cubeide/plugins/com.st.stm32cube.ide.mcu.externaltools.gnu-tools-for-stm32.7-2018-q2-update.win32_1.4.0.202007081208/tools/bin/../lib/gcc/arm-none-eabi/7.3.1/../../../../arm-none-eabi/lib/thumb/v7-m\libc_nano.a(lib_a-memset.o)
                              c:/st/stm32cubeide_1.4.0/stm32cubeide/plugins/com.st.stm32cube.ide.mcu.externaltools.gnu-tools-for-stm32.7-2018-q2-update.win32_1.4.0.202007081208/tools/bin/../lib/gcc/arm-none-eabi/7.3.1/../../../../arm-none-eabi/lib/thumb/v7-m/crt0.o (memset)
c:/st/stm32cubeide_1.4.0/stm32cubeide/plugins/com.st.stm32cube.ide.mcu.externaltools.gnu-tools-for-stm32.7-2018-q2-update.win32_1.4.0.202007081208/tools/bin/../lib/gcc/arm-none-eabi/7.3.1/../../../../arm-none-eabi/lib/thumb/v7-m\libc_nano.a(lib_a-strlen.o)
                              src/tiny_printf.o (strlen)
c:/st/stm32cubeide_1.4.0/stm32cubeide/plugins/com.st.stm32cube.ide.mcu.externaltools.gnu-tools-for-stm32.7-2018-q2-update.win32_1.4.0.202007081208/tools/bin/../lib/gcc/arm-none-eabi/7.3.1/thumb/v7-m\libgcc.a(_arm_addsubdf3.o)
                              Drivers/ENCODE/ENCODE.o (__aeabi_ui2d)
c:/st/stm32cubeide_1.4.0/stm32cubeide/plugins/com.st.stm32cube.ide.mcu.externaltools.gnu-tools-for-stm32.7-2018-q2-update.win32_1.4.0.202007081208/tools/bin/../lib/gcc/arm-none-eabi/7.3.1/thumb/v7-m\libgcc.a(_arm_muldivdf3.o)
                              Drivers/ENCODE/ENCODE.o (__aeabi_dmul)
c:/st/stm32cubeide_1.4.0/stm32cubeide/plugins/com.st.stm32cube.ide.mcu.externaltools.gnu-tools-for-stm32.7-2018-q2-update.win32_1.4.0.202007081208/tools/bin/../lib/gcc/arm-none-eabi/7.3.1/thumb/v7-m\libgcc.a(_arm_cmpdf2.o)
                              Drivers/ENCODE/ENCODE.o (__aeabi_dcmplt)
c:/st/stm32cubeide_1.4.0/stm32cubeide/plugins/com.st.stm32cube.ide.mcu.externaltools.gnu-tools-for-stm32.7-2018-q2-update.win32_1.4.0.202007081208/tools/bin/../lib/gcc/arm-none-eabi/7.3.1/thumb/v7-m\libgcc.a(_arm_fixdfsi.o)
                              Drivers/ENCODE/ENCODE.o (__aeabi_d2iz)
c:/st/stm32cubeide_1.4.0/stm32cubeide/plugins/com.st.stm32cube.ide.mcu.externaltools.gnu-tools-for-stm32.7-2018-q2-update.win32_1.4.0.202007081208/tools/bin/../lib/gcc/arm-none-eabi/7.3.1/thumb/v7-m\libgcc.a(_arm_fixunsdfsi.o)
                              Drivers/ENCODE/ENCODE.o (__aeabi_d2uiz)
c:/st/stm32cubeide_1.4.0/stm32cubeide/plugins/com.st.stm32cube.ide.mcu.externaltools.gnu-tools-for-stm32.7-2018-q2-update.win32_1.4.0.202007081208/tools/bin/../lib/gcc/arm-none-eabi/7.3.1/../../../../arm-none-eabi/lib/thumb/v7-m\libnosys.a(write.o)
                              src/tiny_printf.o (_write)
c:/st/stm32cubeide_1.4.0/stm32cubeide/plugins/com.st.stm32cube.ide.mcu.externaltools.gnu-tools-for-stm32.7-2018-q2-update.win32_1.4.0.202007081208/tools/bin/../lib/gcc/arm-none-eabi/7.3.1/../../../../arm-none-eabi/lib/thumb/v7-m\libnosys.a(_exit.o)
[...]
Memory Configuration

Name             Origin             Length             Attributes
FLASH            0x0000000008000000 0x0000000000080000 xr
RAM              0x0000000020000000 0x0000000000010000 xrw
MEMORY_B1        0x0000000060000000 0x0000000000000000 xr
*default*        0x0000000000000000 0xffffffffffffffff

Linker script and memory map

LOAD c:/st/stm32cubeide_1.4.0/stm32cubeide/plugins/com.st.stm32cube.ide.mcu.externaltools.gnu-tools-for-stm32.7-2018-q2-update.win32_1.4.0.202007081208/tools/bin/../lib/gcc/arm-none-eabi/7.3.1/thumb/v7-m/crti.o
LOAD c:/st/stm32cubeide_1.4.0/stm32cubeide/plugins/com.st.stm32cube.ide.mcu.externaltools.gnu-tools-for-stm32.7-2018-q2-update.win32_1.4.0.202007081208/tools/bin/../lib/gcc/arm-none-eabi/7.3.1/thumb/v7-m/crtbegin.o
LOAD c:/st/stm32cubeide_1.4.0/stm32cubeide/plugins/com.st.stm32cube.ide.mcu.externaltools.gnu-tools-for-stm32.7-2018-q2-update.win32_1.4.0.202007081208/tools/bin/../lib/gcc/arm-none-eabi/7.3.1/../../../../arm-none-eabi/lib/thumb/v7-m/crt0.o
LOAD Drivers/ANALYZE/ANALYZE.o
LOAD Drivers/ENCODE/ENCODE.o
LOAD Drivers/GPIO/GPIO.o
LOAD Drivers/LCD_ILI9431/DISPLAY/DISPLAY.o
LOAD Drivers/LCD_ILI9431/ILI9431/ILI9431.o
LOAD Drivers/LCD_ILI9431/TOUCH/TOUCH.o
LOAD Drivers/LCD_ILI9431/XPT2046/XPT2046.o
LOAD Drivers/PROCESS/PROCESS.o
LOAD Drivers/SPI/SPI.o
LOAD Drivers/TIMEOUT/TIMEOUT.o
LOAD FreeRTOS/Source/croutine.o
LOAD FreeRTOS/Source/event_groups.o
LOAD FreeRTOS/Source/list.o
LOAD FreeRTOS/Source/queue.o
LOAD FreeRTOS/Source/tasks.o
LOAD FreeRTOS/Source/timers.o
LOAD FreeRTOS/Source/portable/GCC/ARM_CM3/port.o
LOAD FreeRTOS/Source/portable/MemMang/heap_2.o
LOAD Libraries/STM32F10x_StdPeriph_Driver/src/misc.o
LOAD Libraries/STM32F10x_StdPeriph_Driver/src/stm32f10x_adc.o
LOAD Libraries/STM32F10x_StdPeriph_Driver/src/stm32f10x_bkp.o
LOAD Libraries/STM32F10x_StdPeriph_Driver/src/stm32f10x_can.o
LOAD Libraries/STM32F10x_StdPeriph_Driver/src/stm32f10x_cec.o
LOAD Libraries/STM32F10x_StdPeriph_Driver/src/stm32f10x_crc.o
LOAD Libraries/STM32F10x_StdPeriph_Driver/src/stm32f10x_dac.o
LOAD Libraries/STM32F10x_StdPeriph_Driver/src/stm32f10x_dbgmcu.o
LOAD Libraries/STM32F10x_StdPeriph_Driver/src/stm32f10x_dma.o
LOAD Libraries/STM32F10x_StdPeriph_Driver/src/stm32f10x_exti.o
LOAD Libraries/STM32F10x_StdPeriph_Driver/src/stm32f10x_flash.o
LOAD Libraries/STM32F10x_StdPeriph_Driver/src/stm32f10x_fsmc.o
LOAD Libraries/STM32F10x_StdPeriph_Driver/src/stm32f10x_gpio.o
LOAD Libraries/STM32F10x_StdPeriph_Driver/src/stm32f10x_i2c.o
LOAD Libraries/STM32F10x_StdPeriph_Driver/src/stm32f10x_iwdg.o
LOAD Libraries/STM32F10x_StdPeriph_Driver/src/stm32f10x_pwr.o
LOAD Libraries/STM32F10x_StdPeriph_Driver/src/stm32f10x_rcc.o
LOAD Libraries/STM32F10x_StdPeriph_Driver/src/stm32f10x_rtc.o
LOAD Libraries/STM32F10x_StdPeriph_Driver/src/stm32f10x_sdio.o
LOAD Libraries/STM32F10x_StdPeriph_Driver/src/stm32f10x_spi.o
LOAD Libraries/STM32F10x_StdPeriph_Driver/src/stm32f10x_tim.o
LOAD Libraries/STM32F10x_StdPeriph_Driver/src/stm32f10x_usart.o
LOAD Libraries/STM32F10x_StdPeriph_Driver/src/stm32f10x_wwdg.o
LOAD Startup/startup_stm32f10x_md.o
LOAD src/main.o
LOAD src/stm32f1xx_it.o
LOAD src/system_stm32f10x.o
LOAD src/tiny_printf.o
START GROUP
LOAD c:/st/stm32cubeide_1.4.0/stm32cubeide/plugins/com.st.stm32cube.ide.mcu.externaltools.gnu-tools-for-stm32.7-2018-q2-update.win32_1.4.0.202007081208/tools/bin/../lib/gcc/arm-none-eabi/7.3.1/../../../../arm-none-eabi/lib/thumb/v7-m\libc_nano.a
LOAD c:/st/stm32cubeide_1.4.0/stm32cubeide/plugins/com.st.stm32cube.ide.mcu.externaltools.gnu-tools-for-stm32.7-2018-q2-update.win32_1.4.0.202007081208/tools/bin/../lib/gcc/arm-none-eabi/7.3.1/../../../../arm-none-eabi/lib/thumb/v7-m\libm.a
END GROUP
START GROUP
LOAD c:/st/stm32cubeide_1.4.0/stm32cubeide/plugins/com.st.stm32cube.ide.mcu.externaltools.gnu-tools-for-stm32.7-2018-q2-update.win32_1.4.0.202007081208/tools/bin/../lib/gcc/arm-none-eabi/7.3.1/thumb/v7-m\libgcc.a
LOAD c:/st/stm32cubeide_1.4.0/stm32cubeide/plugins/com.st.stm32cube.ide.mcu.externaltools.gnu-tools-for-stm32.7-2018-q2-update.win32_1.4.0.202007081208/tools/bin/../lib/gcc/arm-none-eabi/7.3.1/../../../../arm-none-eabi/lib/thumb/v7-m\libc_nano.a
END GROUP
START GROUP
LOAD c:/st/stm32cubeide_1.4.0/stm32cubeide/plugins/com.st.stm32cube.ide.mcu.externaltools.gnu-tools-for-stm32.7-2018-q2-update.win32_1.4.0.202007081208/tools/bin/../lib/gcc/arm-none-eabi/7.3.1/thumb/v7-m\libgcc.a
LOAD c:/st/stm32cubeide_1.4.0/stm32cubeide/plugins/com.st.stm32cube.ide.mcu.externaltools.gnu-tools-for-stm32.7-2018-q2-update.win32_1.4.0.202007081208/tools/bin/../lib/gcc/arm-none-eabi/7.3.1/../../../../arm-none-eabi/lib/thumb/v7-m\libc_nano.a
LOAD c:/st/stm32cubeide_1.4.0/stm32cubeide/plugins/com.st.stm32cube.ide.mcu.externaltools.gnu-tools-for-stm32.7-2018-q2-update.win32_1.4.0.202007081208/tools/bin/../lib/gcc/arm-none-eabi/7.3.1/../../../../arm-none-eabi/lib/thumb/v7-m\libnosys.a
END GROUP
START GROUP
LOAD c:/st/stm32cubeide_1.4.0/stm32cubeide/plugins/com.st.stm32cube.ide.mcu.externaltools.gnu-tools-for-stm32.7-2018-q2-update.win32_1.4.0.202007081208/tools/bin/../lib/gcc/arm-none-eabi/7.3.1/thumb/v7-m\libgcc.a
LOAD c:/st/stm32cubeide_1.4.0/stm32cubeide/plugins/com.st.stm32cube.ide.mcu.externaltools.gnu-tools-for-stm32.7-2018-q2-update.win32_1.4.0.202007081208/tools/bin/../lib/gcc/arm-none-eabi/7.3.1/../../../../arm-none-eabi/lib/thumb/v7-m\libc_nano.a
LOAD c:/st/stm32cubeide_1.4.0/stm32cubeide/plugins/com.st.stm32cube.ide.mcu.externaltools.gnu-tools-for-stm32.7-2018-q2-update.win32_1.4.0.202007081208/tools/bin/../lib/gcc/arm-none-eabi/7.3.1/../../../../arm-none-eabi/lib/thumb/v7-m\libnosys.a
END GROUP
LOAD c:/st/stm32cubeide_1.4.0/stm32cubeide/plugins/com.st.stm32cube.ide.mcu.externaltools.gnu-tools-for-stm32.7-2018-q2-update.win32_1.4.0.202007081208/tools/bin/../lib/gcc/arm-none-eabi/7.3.1/thumb/v7-m/crtend.o
LOAD c:/st/stm32cubeide_1.4.0/stm32cubeide/plugins/com.st.stm32cube.ide.mcu.externaltools.gnu-tools-for-stm32.7-2018-q2-update.win32_1.4.0.202007081208/tools/bin/../lib/gcc/arm-none-eabi/7.3.1/thumb/v7-m/crtn.o
                0x0000000020010000                _estack = 0x20010000
                0x0000000000000000                _Min_Heap_Size = 0x0
                0x0000000000000200                _Min_Stack_Size = 0x200

.isr_vector     0x0000000008000000      0x10c
                0x0000000008000000                . = ALIGN (0x4)
 *(.isr_vector)
 .isr_vector    0x0000000008000000      0x10c Startup/startup_stm32f10x_md.o
                0x0000000008000000                g_pfnVectors
                0x000000000800010c                . = ALIGN (0x4)

.eh_frame       0x000000000800010c        0x0
 .eh_frame      0x000000000800010c        0x0 c:/st/stm32cubeide_1.4.0/stm32cubeide/plugins/com.st.stm32cube.ide.mcu.externaltools.gnu-tools-for-stm32.7-2018-q2-update.win32_1.4.0.202007081208/tools/bin/../lib/gcc/arm-none-eabi/7.3.1/thumb/v7-m/crtbegin.o

.text           0x0000000008000110     0x189c
                0x0000000008000110                . = ALIGN (0x4)
 *(.text)
 .text          0x0000000008000110       0x40 c:/st/stm32cubeide_1.4.0/stm32cubeide/plugins/com.st.stm32cube.ide.mcu.externaltools.gnu-tools-for-stm32.7-2018-q2-update.win32_1.4.0.202007081208/tools/bin/../lib/gcc/arm-none-eabi/7.3.1/thumb/v7-m/crtbegin.o
 *(.text*)
 .text.DISPLAY_point_color
                0x0000000008000150       0x1a Drivers/LCD_ILI9431/DISPLAY/DISPLAY.o
                0x0000000008000150                DISPLAY_point_color
 .text.DISPLAY_scr_fill
                0x000000000800016a       0x70 Drivers/LCD_ILI9431/DISPLAY/DISPLAY.o
                0x000000000800016a                DISPLAY_scr_fill
 *fill*         0x00000000080001da        0x2 
 .text.ILI9431_set_gpio
                0x00000000080001dc       0x60 Drivers/LCD_ILI9431/ILI9431/ILI9431.o
                0x00000000080001dc                ILI9431_set_gpio
 .text.ILI9431_reset
                0x000000000800023c       0x24 Drivers/LCD_ILI9431/ILI9431/ILI9431.o
                0x000000000800023c                ILI9431_reset
 .text.ILI9431_write_reg
                0x0000000008000260       0x40 Drivers/LCD_ILI9431/ILI9431/ILI9431.o
                0x0000000008000260                ILI9431_write_reg
 .text.ILI9431_write_data
                0x00000000080002a0       0x40 Drivers/LCD_ILI9431/ILI9431/ILI9431.o
                0x00000000080002a0                ILI9431_write_data
 .text.ILI9431_write_ram_pre
                0x00000000080002e0       0x18 Drivers/LCD_ILI9431/ILI9431/ILI9431.o
                0x00000000080002e0                ILI9431_write_ram_pre
 .text.ILI9431_write_Reg_Data
                0x00000000080002f8       0x2a Drivers/LCD_ILI9431/ILI9431/ILI9431.o
                0x00000000080002f8                ILI9431_write_Reg_Data
 *fill*         0x0000000008000322        0x2 
 .text.ILI9431_set_windows
                0x0000000008000324       0xa8 Drivers/LCD_ILI9431/ILI9431/ILI9431.o
                0x0000000008000324                ILI9431_set_windows
 .text.ILI9431_set_param
                0x00000000080003cc       0x3c Drivers/LCD_ILI9431/ILI9431/ILI9431.o
                0x00000000080003cc                ILI9431_set_param
 .text.ILI9431_init
                0x0000000008000408      0x260 Drivers/LCD_ILI9431/ILI9431/ILI9431.o
                0x0000000008000408                ILI9431_init
 .text.PROCESS_init
                0x0000000008000668       0x64 Drivers/PROCESS/PROCESS.o
                0x0000000008000668                PROCESS_init
 .text.PROCESS_led
                0x00000000080006cc       0x70 Drivers/PROCESS/PROCESS.o
                0x00000000080006cc                PROCESS_led
 .text.LCD0_Task
                0x000000000800073c        0xe Drivers/PROCESS/PROCESS.o
                0x000000000800073c                LCD0_Task
 .text.LCD1_Task
                0x000000000800074a       0x12 Drivers/PROCESS/PROCESS.o
                0x000000000800074a                LCD1_Task
 .text.TIMEOUT_gettick_ms
                0x000000000800075c       0x14 Drivers/TIMEOUT/TIMEOUT.o
                0x000000000800075c                TIMEOUT_gettick_ms
 .text.TIMEOUT_delay_ms
                0x0000000008000770       0x2e Drivers/TIMEOUT/TIMEOUT.o
                0x0000000008000770                TIMEOUT_delay_ms
 .text.vListInitialise
                0x000000000800079e       0x3e FreeRTOS/Source/list.o
                0x000000000800079e                vListInitialise
 .text.vListInitialiseItem
                0x00000000080007dc       0x18 FreeRTOS/Source/list.o
                0x00000000080007dc                vListInitialiseItem
 .text.vListInsertEnd
                0x00000000080007f4       0x46 FreeRTOS/Source/list.o
                0x00000000080007f4                vListInsertEnd
 .text.vListInsert
                0x000000000800083a       0x70 FreeRTOS/Source/list.o
                0x000000000800083a                vListInsert
 .text.uxListRemove
                0x00000000080008aa       0x52 FreeRTOS/Source/list.o
                0x00000000080008aa                uxListRemove
 .text.xTaskCreate
                0x00000000080008fc       0x82 FreeRTOS/Source/tasks.o
                0x00000000080008fc                xTaskCreate
 .text.prvInitialiseNewTask
                0x000000000800097e       0xde FreeRTOS/Source/tasks.o
 .text.prvAddNewTaskToReadyList
                0x0000000008000a5c       0xd8 FreeRTOS/Source/tasks.o
 .text.vTaskDelay
                0x0000000008000b34       0x48 FreeRTOS/Source/tasks.o
                0x0000000008000b34                vTaskDelay
 .text.vTaskStartScheduler
                0x0000000008000b7c       0x6c FreeRTOS/Source/tasks.o
                0x0000000008000b7c                vTaskStartScheduler
 .text.vTaskSuspendAll
                0x0000000008000be8       0x1c FreeRTOS/Source/tasks.o
                0x0000000008000be8                vTaskSuspendAll
 .text.xTaskResumeAll
                0x0000000008000c04      0x11c FreeRTOS/Source/tasks.o
                0x0000000008000c04                xTaskResumeAll
 .text.xTaskIncrementTick
                0x0000000008000d20      0x13c FreeRTOS/Source/tasks.o
                0x0000000008000d20                xTaskIncrementTick
 .text.vTaskSwitchContext
                0x0000000008000e5c       0x9c FreeRTOS/Source/tasks.o
                0x0000000008000e5c                vTaskSwitchContext
 .text.prvIdleTask
                0x0000000008000ef8       0x30 FreeRTOS/Source/tasks.o
 .text.prvInitialiseTaskLists
                0x0000000008000f28       0x80 FreeRTOS/Source/tasks.o
 .text.prvCheckTasksWaitingTermination
                0x0000000008000fa8       0x78 FreeRTOS/Source/tasks.o
 .text.prvDeleteTCB
                0x0000000008001020       0x20 FreeRTOS/Source/tasks.o
 .text.prvResetNextTaskUnblockTime
                0x0000000008001040       0x48 FreeRTOS/Source/tasks.o
 .text.prvAddCurrentTaskToDelayedList
                0x0000000008001088       0xa8 FreeRTOS/Source/tasks.o
 .text.pxPortInitialiseStack
                0x0000000008001130       0x58 FreeRTOS/Source/portable/GCC/ARM_CM3/port.o
                0x0000000008001130                pxPortInitialiseStack
 .text.prvTaskExitError
                0x0000000008001188       0x1a FreeRTOS/Source/portable/GCC/ARM_CM3/port.o
 *fill*         0x00000000080011a2        0xe 
 .text.SVC_Handler
                0x00000000080011b0       0x28 FreeRTOS/Source/portable/GCC/ARM_CM3/port.o
                0x00000000080011b0                SVC_Handler
 .text.prvPortStartFirstTask
                0x00000000080011d8       0x20 FreeRTOS/Source/portable/GCC/ARM_CM3/port.o
 .text.xPortStartScheduler
                0x00000000080011f8       0x3c FreeRTOS/Source/portable/GCC/ARM_CM3/port.o
                0x00000000080011f8                xPortStartScheduler
 .text.vPortEnterCritical
                0x0000000008001234       0x30 FreeRTOS/Source/portable/GCC/ARM_CM3/port.o
                0x0000000008001234                vPortEnterCritical
 .text.vPortExitCritical
                0x0000000008001264       0x30 FreeRTOS/Source/portable/GCC/ARM_CM3/port.o
                0x0000000008001264                vPortExitCritical
 *fill*         0x0000000008001294        0xc 
 .text.PendSV_Handler
                0x00000000080012a0       0x48 FreeRTOS/Source/portable/GCC/ARM_CM3/port.o
                0x00000000080012a0                PendSV_Handler
 .text.SysTick_Handler
                0x00000000080012e8       0x50 FreeRTOS/Source/portable/GCC/ARM_CM3/port.o
                0x00000000080012e8                SysTick_Handler
 .text.vPortSetupTimerInterrupt
                0x0000000008001338       0x24 FreeRTOS/Source/portable/GCC/ARM_CM3/port.o
                0x0000000008001338                vPortSetupTimerInterrupt
 .text.pvPortMalloc
                0x000000000800135c      0x11c FreeRTOS/Source/portable/MemMang/heap_2.o
                0x000000000800135c                pvPortMalloc
 .text.vPortFree
                0x0000000008001478       0x74 FreeRTOS/Source/portable/MemMang/heap_2.o
                0x0000000008001478                vPortFree
 .text.prvHeapInit
                0x00000000080014ec       0x50 FreeRTOS/Source/portable/MemMang/heap_2.o
 .text.GPIO_Init
                0x000000000800153c      0x178 Libraries/STM32F10x_StdPeriph_Driver/src/stm32f10x_gpio.o
                0x000000000800153c                GPIO_Init
 .text.GPIO_SetBits
                0x00000000080016b4       0x1c Libraries/STM32F10x_StdPeriph_Driver/src/stm32f10x_gpio.o
                0x00000000080016b4                GPIO_SetBits
 .text.RCC_APB2PeriphClockCmd
                0x00000000080016d0       0x3c Libraries/STM32F10x_StdPeriph_Driver/src/stm32f10x_rcc.o
                0x00000000080016d0                RCC_APB2PeriphClockCmd
 .text.Reset_Handler
                0x000000000800170c       0x50 Startup/startup_stm32f10x_md.o
                0x000000000800170c                Reset_Handler
 .text.Default_Handler
                0x000000000800175c        0x2 Startup/startup_stm32f10x_md.o
                0x000000000800175c                EXTI2_IRQHandler
                0x000000000800175c                TIM1_CC_IRQHandler
                0x000000000800175c                PVD_IRQHandler
                0x000000000800175c                EXTI3_IRQHandler
                0x000000000800175c                EXTI0_IRQHandler
                0x000000000800175c                I2C2_EV_IRQHandler
                0x000000000800175c                ADC1_2_IRQHandler
                0x000000000800175c                SPI1_IRQHandler
                0x000000000800175c                TAMPER_IRQHandler
                0x000000000800175c                DMA1_Channel4_IRQHandler
                0x000000000800175c                RTC_IRQHandler
                0x000000000800175c                DMA1_Channel7_IRQHandler
                0x000000000800175c                CAN1_RX1_IRQHandler
                0x000000000800175c                TIM4_IRQHandler
                0x000000000800175c                I2C1_EV_IRQHandler
                0x000000000800175c                DMA1_Channel6_IRQHandler
                0x000000000800175c                TIM3_IRQHandler
                0x000000000800175c                RCC_IRQHandler
                0x000000000800175c                TIM1_TRG_COM_IRQHandler
                0x000000000800175c                DMA1_Channel1_IRQHandler
                0x000000000800175c                Default_Handler
                0x000000000800175c                EXTI15_10_IRQHandler
                0x000000000800175c                EXTI9_5_IRQHandler
                0x000000000800175c                SPI2_IRQHandler
                0x000000000800175c                DMA1_Channel5_IRQHandler
                0x000000000800175c                EXTI4_IRQHandler
                0x000000000800175c                USB_LP_CAN1_RX0_IRQHandler
                0x000000000800175c                USB_HP_CAN1_TX_IRQHandler
                0x000000000800175c                DMA1_Channel3_IRQHandler
                0x000000000800175c                TIM1_UP_IRQHandler
                0x000000000800175c                WWDG_IRQHandler
                0x000000000800175c                TIM1_BRK_IRQHandler
                0x000000000800175c                EXTI1_IRQHandler
                0x000000000800175c                RTCAlarm_IRQHandler
                0x000000000800175c                USART2_IRQHandler
                0x000000000800175c                I2C2_ER_IRQHandler
                0x000000000800175c                DMA1_Channel2_IRQHandler
                0x000000000800175c                CAN1_SCE_IRQHandler
                0x000000000800175c                FLASH_IRQHandler
                0x000000000800175c                I2C1_ER_IRQHandler
                0x000000000800175c                USBWakeUp_IRQHandler
 .text.main     0x000000000800175e        0xe src/main.o
                0x000000000800175e                main
 .text.USART1_IRQHandler
                0x000000000800176c        0xc src/stm32f1xx_it.o
                0x000000000800176c                USART1_IRQHandler
 .text.USART3_IRQHandler
                0x0000000008001778        0xc src/stm32f1xx_it.o
                0x0000000008001778                USART3_IRQHandler
 .text.TIM2_IRQHandler
                0x0000000008001784        0xc src/stm32f1xx_it.o
                0x0000000008001784                TIM2_IRQHandler
 .text.NMI_Handler
                0x0000000008001790        0xc src/stm32f1xx_it.o
                0x0000000008001790                NMI_Handler
 .text.HardFault_Handler
                0x000000000800179c        0x6 src/stm32f1xx_it.o
                0x000000000800179c                HardFault_Handler
 .text.MemManage_Handler
                0x00000000080017a2        0x6 src/stm32f1xx_it.o
                0x00000000080017a2                MemManage_Handler
 .text.BusFault_Handler
                0x00000000080017a8        0x6 src/stm32f1xx_it.o
                0x00000000080017a8                BusFault_Handler
 .text.UsageFault_Handler
                0x00000000080017ae        0x6 src/stm32f1xx_it.o
                0x00000000080017ae                UsageFault_Handler
 .text.DebugMon_Handler
                0x00000000080017b4        0xc src/stm32f1xx_it.o
                0x00000000080017b4                DebugMon_Handler
 .text.SystemInit
                0x00000000080017c0       0x68 src/system_stm32f10x.o
                0x00000000080017c0                SystemInit
 .text.SetSysClock
                0x0000000008001828        0xc src/system_stm32f10x.o
 .text.SetSysClockTo72
                0x0000000008001834      0x100 src/system_stm32f10x.o
 .text.__libc_init_array
                0x0000000008001934       0x48 c:/st/stm32cubeide_1.4.0/stm32cubeide/plugins/com.st.stm32cube.ide.mcu.externaltools.gnu-tools-for-stm32.7-2018-q2-update.win32_1.4.0.202007081208/tools/bin/../lib/gcc/arm-none-eabi/7.3.1/../../../../arm-none-eabi/lib/thumb/v7-m\libc_nano.a(lib_a-init.o)
                0x0000000008001934                __libc_init_array
 *(.rodata)
 .rodata        0x000000000800197c        0xd Drivers/PROCESS/PROCESS.o
 *fill*         0x0000000008001989        0x3 
 .rodata        0x000000000800198c        0x5 FreeRTOS/Source/tasks.o
 *(.rodata*)
 *(.glue_7)
 .glue_7        0x0000000008001991        0x0 linker stubs
 *(.glue_7t)
 .glue_7t       0x0000000008001991        0x0 linker stubs
 *(.init)
 *fill*         0x0000000008001991        0x3 
 .init          0x0000000008001994        0x4 c:/st/stm32cubeide_1.4.0/stm32cubeide/plugins/com.st.stm32cube.ide.mcu.externaltools.gnu-tools-for-stm32.7-2018-q2-update.win32_1.4.0.202007081208/tools/bin/../lib/gcc/arm-none-eabi/7.3.1/thumb/v7-m/crti.o
                0x0000000008001994                _init
 .init          0x0000000008001998        0x8 c:/st/stm32cubeide_1.4.0/stm32cubeide/plugins/com.st.stm32cube.ide.mcu.externaltools.gnu-tools-for-stm32.7-2018-q2-update.win32_1.4.0.202007081208/tools/bin/../lib/gcc/arm-none-eabi/7.3.1/thumb/v7-m/crtn.o
 *(.fini)
 .fini          0x00000000080019a0        0x4 c:/st/stm32cubeide_1.4.0/stm32cubeide/plugins/com.st.stm32cube.ide.mcu.externaltools.gnu-tools-for-stm32.7-2018-q2-update.win32_1.4.0.202007081208/tools/bin/../lib/gcc/arm-none-eabi/7.3.1/thumb/v7-m/crti.o
                0x00000000080019a0                _fini
 .fini          0x00000000080019a4        0x8 c:/st/stm32cubeide_1.4.0/stm32cubeide/plugins/com.st.stm32cube.ide.mcu.externaltools.gnu-tools-for-stm32.7-2018-q2-update.win32_1.4.0.202007081208/tools/bin/../lib/gcc/arm-none-eabi/7.3.1/thumb/v7-m/crtn.o
                0x00000000080019ac                . = ALIGN (0x4)
                0x00000000080019ac                _etext = .

.vfp11_veneer   0x00000000080019ac        0x0
 .vfp11_veneer  0x00000000080019ac        0x0 linker stubs

.v4_bx          0x00000000080019ac        0x0
 .v4_bx         0x00000000080019ac        0x0 linker stubs

.iplt           0x00000000080019ac        0x0
 .iplt          0x00000000080019ac        0x0 c:/st/stm32cubeide_1.4.0/stm32cubeide/plugins/com.st.stm32cube.ide.mcu.externaltools.gnu-tools-for-stm32.7-2018-q2-update.win32_1.4.0.202007081208/tools/bin/../lib/gcc/arm-none-eabi/7.3.1/thumb/v7-m/crtbegin.o

.rel.dyn        0x00000000080019ac        0x0
 .rel.iplt      0x00000000080019ac        0x0 c:/st/stm32cubeide_1.4.0/stm32cubeide/plugins/com.st.stm32cube.ide.mcu.externaltools.gnu-tools-for-stm32.7-2018-q2-update.win32_1.4.0.202007081208/tools/bin/../lib/gcc/arm-none-eabi/7.3.1/thumb/v7-m/crtbegin.o

.ARM.extab
 *(.ARM.extab* .gnu.linkonce.armextab.*)

.ARM            0x00000000080019ac        0x0
                0x00000000080019ac                __exidx_start = .
 *(.ARM.exidx*)
                0x00000000080019ac                __exidx_end = .

.ARM.attributes
                0x00000000080019ac       0x29
 *(.ARM.attributes)
 .ARM.attributes
                0x00000000080019ac       0x1d c:/st/stm32cubeide_1.4.0/stm32cubeide/plugins/com.st.stm32cube.ide.mcu.externaltools.gnu-tools-for-stm32.7-2018-q2-update.win32_1.4.0.202007081208/tools/bin/../lib/gcc/arm-none-eabi/7.3.1/thumb/v7-m/crti.o
 .ARM.attributes
                0x00000000080019c9       0x2d c:/st/stm32cubeide_1.4.0/stm32cubeide/plugins/com.st.stm32cube.ide.mcu.externaltools.gnu-tools-for-stm32.7-2018-q2-update.win32_1.4.0.202007081208/tools/bin/../lib/gcc/arm-none-eabi/7.3.1/thumb/v7-m/crtbegin.o
 .ARM.attributes
                0x00000000080019f6       0x33 Drivers/LCD_ILI9431/DISPLAY/DISPLAY.o
 .ARM.attributes
                0x0000000008001a29       0x33 Drivers/LCD_ILI9431/ILI9431/ILI9431.o
 .ARM.attributes
                0x0000000008001a5c       0x33 Drivers/PROCESS/PROCESS.o
 .ARM.attributes
                0x0000000008001a8f       0x33 Drivers/TIMEOUT/TIMEOUT.o
 .ARM.attributes
                0x0000000008001ac2       0x33 FreeRTOS/Source/list.o
 .ARM.attributes
                0x0000000008001af5       0x33 FreeRTOS/Source/tasks.o
 .ARM.attributes
                0x0000000008001b28       0x33 FreeRTOS/Source/portable/GCC/ARM_CM3/port.o
 .ARM.attributes
                0x0000000008001b5b       0x33 FreeRTOS/Source/portable/MemMang/heap_2.o
 .ARM.attributes
                0x0000000008001b8e       0x33 Libraries/STM32F10x_StdPeriph_Driver/src/stm32f10x_gpio.o
 .ARM.attributes
                0x0000000008001bc1       0x33 Libraries/STM32F10x_StdPeriph_Driver/src/stm32f10x_rcc.o
 .ARM.attributes
                0x0000000008001bf4       0x21 Startup/startup_stm32f10x_md.o
 .ARM.attributes
                0x0000000008001c15       0x33 src/main.o
 .ARM.attributes
                0x0000000008001c48       0x33 src/stm32f1xx_it.o
 .ARM.attributes
                0x0000000008001c7b       0x33 src/system_stm32f10x.o
 .ARM.attributes
                0x0000000008001cae       0x2d c:/st/stm32cubeide_1.4.0/stm32cubeide/plugins/com.st.stm32cube.ide.mcu.externaltools.gnu-tools-for-stm32.7-2018-q2-update.win32_1.4.0.202007081208/tools/bin/../lib/gcc/arm-none-eabi/7.3.1/../../../../arm-none-eabi/lib/thumb/v7-m\libc_nano.a(lib_a-init.o)
 .ARM.attributes
                0x0000000008001cdb       0x1d c:/st/stm32cubeide_1.4.0/stm32cubeide/plugins/com.st.stm32cube.ide.mcu.externaltools.gnu-tools-for-stm32.7-2018-q2-update.win32_1.4.0.202007081208/tools/bin/../lib/gcc/arm-none-eabi/7.3.1/thumb/v7-m/crtn.o

.preinit_array  0x00000000080019ac        0x0
                0x00000000080019ac                PROVIDE (__preinit_array_start = .)
 *(.preinit_array*)
                0x00000000080019ac                PROVIDE (__preinit_array_end = .)

.init_array     0x00000000080019ac        0x4
                0x00000000080019ac                PROVIDE (__init_array_start = .)
 *(SORT_BY_NAME(.init_array.*))
 *(.init_array*)
 .init_array    0x00000000080019ac        0x4 c:/st/stm32cubeide_1.4.0/stm32cubeide/plugins/com.st.stm32cube.ide.mcu.externaltools.gnu-tools-for-stm32.7-2018-q2-update.win32_1.4.0.202007081208/tools/bin/../lib/gcc/arm-none-eabi/7.3.1/thumb/v7-m/crtbegin.o
                0x00000000080019b0                PROVIDE (__init_array_end = .)

.fini_array     0x00000000080019b0        0x4
                [!provide]                        PROVIDE (__fini_array_start = .)
 *(.fini_array*)
 .fini_array    0x00000000080019b0        0x4 c:/st/stm32cubeide_1.4.0/stm32cubeide/plugins/com.st.stm32cube.ide.mcu.externaltools.gnu-tools-for-stm32.7-2018-q2-update.win32_1.4.0.202007081208/tools/bin/../lib/gcc/arm-none-eabi/7.3.1/thumb/v7-m/crtbegin.o
 *(SORT_BY_NAME(.fini_array.*))
                [!provide]                        PROVIDE (__fini_array_end = .)
                0x00000000080019b4                _sidata = .

.data           0x0000000020000000        0x8 load address 0x00000000080019b4
                0x0000000020000000                . = ALIGN (0x4)
                0x0000000020000000                _sdata = .
 *(.data)
 *(.data*)
 .data.uxCriticalNesting
                0x0000000020000000        0x4 FreeRTOS/Source/portable/GCC/ARM_CM3/port.o
 .data.xFreeBytesRemaining
                0x0000000020000004        0x4 FreeRTOS/Source/portable/MemMang/heap_2.o
                0x0000000020000008                . = ALIGN (0x4)
                0x0000000020000008                _edata = .

.igot.plt       0x0000000020000008        0x0 load address 0x00000000080019bc
 .igot.plt      0x0000000020000008        0x0 c:/st/stm32cubeide_1.4.0/stm32cubeide/plugins/com.st.stm32cube.ide.mcu.externaltools.gnu-tools-for-stm32.7-2018-q2-update.win32_1.4.0.202007081208/tools/bin/../lib/gcc/arm-none-eabi/7.3.1/thumb/v7-m/crtbegin.o
                0x0000000020000008                . = ALIGN (0x4)

.bss            0x0000000020000008     0x17a0 load address 0x00000000080019bc
                0x0000000020000008                _sbss = .
                0x0000000020000008                __bss_start__ = _sbss
 *(.bss)
 .bss           0x0000000020000008       0x1c c:/st/stm32cubeide_1.4.0/stm32cubeide/plugins/com.st.stm32cube.ide.mcu.externaltools.gnu-tools-for-stm32.7-2018-q2-update.win32_1.4.0.202007081208/tools/bin/../lib/gcc/arm-none-eabi/7.3.1/thumb/v7-m/crtbegin.o
 *(.bss*)
 .bss.a.9346    0x0000000020000024        0x1 Drivers/PROCESS/PROCESS.o
 *fill*         0x0000000020000025        0x3 
 .bss.TIMEOUT   0x0000000020000028       0x24 Drivers/TIMEOUT/TIMEOUT.o
                0x0000000020000028                TIMEOUT
 .bss.pxCurrentTCB
                0x000000002000004c        0x4 FreeRTOS/Source/tasks.o
                0x000000002000004c                pxCurrentTCB
 .bss.pxReadyTasksLists
                0x0000000020000050       0x64 FreeRTOS/Source/tasks.o
 .bss.xDelayedTaskList1
                0x00000000200000b4       0x14 FreeRTOS/Source/tasks.o
 .bss.xDelayedTaskList2
                0x00000000200000c8       0x14 FreeRTOS/Source/tasks.o
 .bss.pxDelayedTaskList
                0x00000000200000dc        0x4 FreeRTOS/Source/tasks.o
 .bss.pxOverflowDelayedTaskList
                0x00000000200000e0        0x4 FreeRTOS/Source/tasks.o
 .bss.xPendingReadyList
                0x00000000200000e4       0x14 FreeRTOS/Source/tasks.o
 .bss.xTasksWaitingTermination
                0x00000000200000f8       0x14 FreeRTOS/Source/tasks.o
 .bss.uxDeletedTasksWaitingCleanUp
                0x000000002000010c        0x4 FreeRTOS/Source/tasks.o
 .bss.xSuspendedTaskList
                0x0000000020000110       0x14 FreeRTOS/Source/tasks.o
 .bss.uxCurrentNumberOfTasks
                0x0000000020000124        0x4 FreeRTOS/Source/tasks.o
 .bss.xTickCount
                0x0000000020000128        0x4 FreeRTOS/Source/tasks.o
 .bss.uxTopReadyPriority
                0x000000002000012c        0x4 FreeRTOS/Source/tasks.o
 .bss.xSchedulerRunning
                0x0000000020000130        0x4 FreeRTOS/Source/tasks.o
 .bss.uxPendedTicks
                0x0000000020000134        0x4 FreeRTOS/Source/tasks.o
 .bss.xYieldPending
                0x0000000020000138        0x4 FreeRTOS/Source/tasks.o
 .bss.xNumOfOverflows
                0x000000002000013c        0x4 FreeRTOS/Source/tasks.o
 .bss.uxTaskNumber
                0x0000000020000140        0x4 FreeRTOS/Source/tasks.o
 .bss.xNextTaskUnblockTime
                0x0000000020000144        0x4 FreeRTOS/Source/tasks.o
 .bss.xIdleTaskHandle
                0x0000000020000148        0x4 FreeRTOS/Source/tasks.o
 .bss.uxSchedulerSuspended
                0x000000002000014c        0x4 FreeRTOS/Source/tasks.o
 .bss.ucHeap    0x0000000020000150     0x1400 FreeRTOS/Source/portable/MemMang/heap_2.o
 .bss.xStart    0x0000000020001550        0x8 FreeRTOS/Source/portable/MemMang/heap_2.o
 .bss.xEnd      0x0000000020001558        0x8 FreeRTOS/Source/portable/MemMang/heap_2.o
 .bss.xHeapHasBeenInitialised.5092
                0x0000000020001560        0x4 FreeRTOS/Source/portable/MemMang/heap_2.o
 *(COMMON)
 COMMON         0x0000000020001564        0xe Drivers/LCD_ILI9431/ILI9431/ILI9431.o
                0x0000000020001564                ILI9431
 *fill*         0x0000000020001572        0x2 
 COMMON         0x0000000020001574      0x234 Drivers/PROCESS/PROCESS.o
                0x0000000020001574                PACKET_RF
                0x00000000200015cc                SENSOR_HUB
                0x00000000200017a0                LED
                0x00000000200017a8                . = ALIGN (0x4)
                0x00000000200017a8                _ebss = .
                0x00000000200017a8                __bss_end__ = _ebss
                [!provide]                        PROVIDE (end = _ebss)
                [!provide]                        PROVIDE (_end = _ebss)

._user_heap_stack
                0x00000000200017a8      0x200 load address 0x000000000800315c
                0x00000000200017a8                . = ALIGN (0x4)
                0x00000000200017a8                . = (. + _Min_Heap_Size)
                0x00000000200019a8                . = (. + _Min_Stack_Size)
 *fill*         0x00000000200017a8      0x200 
                0x00000000200019a8                . = ALIGN (0x4)

.memory_b1_text
 *(.mb1text)
 *(.mb1text*)
 *(.mb1rodata)
 *(.mb1rodata*)

/DISCARD/
 libc.a(*)
 libm.a(*)
 libgcc.a(*)
OUTPUT(STM32F103VET6_LCD.elf elf32-littlearm)

.debug_info     0x0000000000000000     0xa1d8
 .debug_info    0x0000000000000000      0xd49 Drivers/LCD_ILI9431/DISPLAY/DISPLAY.o
 .debug_info    0x0000000000000d49      0xfc2 Drivers/LCD_ILI9431/ILI9431/ILI9431.o
 .debug_info    0x0000000000001d0b      0xdee Drivers/PROCESS/PROCESS.o
 .debug_info    0x0000000000002af9     0x12c3 Drivers/TIMEOUT/TIMEOUT.o
 .debug_info    0x0000000000003dbc      0xab5 FreeRTOS/Source/list.o
 .debug_info    0x0000000000004871     0x1c7b FreeRTOS/Source/tasks.o
 .debug_info    0x00000000000064ec      0x399 FreeRTOS/Source/portable/GCC/ARM_CM3/port.o
 .debug_info    0x0000000000006885      0xaf0 FreeRTOS/Source/portable/MemMang/heap_2.o
 .debug_info    0x0000000000007375      0x702 Libraries/STM32F10x_StdPeriph_Driver/src/stm32f10x_gpio.o
 .debug_info    0x0000000000007a77      0x8b2 Libraries/STM32F10x_StdPeriph_Driver/src/stm32f10x_rcc.o
 .debug_info    0x0000000000008329       0x22 Startup/startup_stm32f10x_md.o
 .debug_info    0x000000000000834b      0xcb2 src/main.o
 .debug_info    0x0000000000008ffd      0xd36 src/stm32f1xx_it.o
 .debug_info    0x0000000000009d33      0x4a5 src/system_stm32f10x.o

.debug_abbrev   0x0000000000000000     0x1b78
 .debug_abbrev  0x0000000000000000      0x221 Drivers/LCD_ILI9431/DISPLAY/DISPLAY.o
 .debug_abbrev  0x0000000000000221      0x28b Drivers/LCD_ILI9431/ILI9431/ILI9431.o
 .debug_abbrev  0x00000000000004ac      0x22c Drivers/PROCESS/PROCESS.o
 .debug_abbrev  0x00000000000006d8      0x2ca Drivers/TIMEOUT/TIMEOUT.o
 .debug_abbrev  0x00000000000009a2      0x1c8 FreeRTOS/Source/list.o
 .debug_abbrev  0x0000000000000b6a      0x32b FreeRTOS/Source/tasks.o
 .debug_abbrev  0x0000000000000e95      0x1f1 FreeRTOS/Source/portable/GCC/ARM_CM3/port.o
 .debug_abbrev  0x0000000000001086      0x237 FreeRTOS/Source/portable/MemMang/heap_2.o
 .debug_abbrev  0x00000000000012bd      0x1e4 Libraries/STM32F10x_StdPeriph_Driver/src/stm32f10x_gpio.o
 .debug_abbrev  0x00000000000014a1      0x1d4 Libraries/STM32F10x_StdPeriph_Driver/src/stm32f10x_rcc.o
 .debug_abbrev  0x0000000000001675       0x12 Startup/startup_stm32f10x_md.o
 .debug_abbrev  0x0000000000001687      0x1c0 src/main.o
 .debug_abbrev  0x0000000000001847      0x1be src/stm32f1xx_it.o
 .debug_abbrev  0x0000000000001a05      0x173 src/system_stm32f10x.o

.debug_aranges  0x0000000000000000      0x678
 .debug_aranges
                0x0000000000000000       0x28 Drivers/LCD_ILI9431/DISPLAY/DISPLAY.o
 .debug_aranges
                0x0000000000000028       0x78 Drivers/LCD_ILI9431/ILI9431/ILI9431.o
 .debug_aranges
                0x00000000000000a0       0x48 Drivers/PROCESS/PROCESS.o
 .debug_aranges
                0x00000000000000e8       0x68 Drivers/TIMEOUT/TIMEOUT.o
 .debug_aranges
                0x0000000000000150       0x40 FreeRTOS/Source/list.o
 .debug_aranges
                0x0000000000000190      0x198 FreeRTOS/Source/tasks.o
 .debug_aranges
                0x0000000000000328       0x70 FreeRTOS/Source/portable/GCC/ARM_CM3/port.o
 .debug_aranges
                0x0000000000000398       0x40 FreeRTOS/Source/portable/MemMang/heap_2.o
 .debug_aranges
                0x00000000000003d8       0xa8 Libraries/STM32F10x_StdPeriph_Driver/src/stm32f10x_gpio.o
 .debug_aranges
                0x0000000000000480      0x118 Libraries/STM32F10x_StdPeriph_Driver/src/stm32f10x_rcc.o
 .debug_aranges
                0x0000000000000598       0x28 Startup/startup_stm32f10x_md.o
 .debug_aranges
                0x00000000000005c0       0x20 src/main.o
 .debug_aranges
                0x00000000000005e0       0x60 src/stm32f1xx_it.o
 .debug_aranges
                0x0000000000000640       0x38 src/system_stm32f10x.o

.debug_ranges   0x0000000000000000      0x5a0
 .debug_ranges  0x0000000000000000       0x18 Drivers/LCD_ILI9431/DISPLAY/DISPLAY.o
 .debug_ranges  0x0000000000000018       0x68 Drivers/LCD_ILI9431/ILI9431/ILI9431.o
 .debug_ranges  0x0000000000000080       0x38 Drivers/PROCESS/PROCESS.o
 .debug_ranges  0x00000000000000b8       0x58 Drivers/TIMEOUT/TIMEOUT.o
 .debug_ranges  0x0000000000000110       0x30 FreeRTOS/Source/list.o
 .debug_ranges  0x0000000000000140      0x188 FreeRTOS/Source/tasks.o
 .debug_ranges  0x00000000000002c8       0x60 FreeRTOS/Source/portable/GCC/ARM_CM3/port.o
 .debug_ranges  0x0000000000000328       0x30 FreeRTOS/Source/portable/MemMang/heap_2.o
 .debug_ranges  0x0000000000000358       0x98 Libraries/STM32F10x_StdPeriph_Driver/src/stm32f10x_gpio.o
 .debug_ranges  0x00000000000003f0      0x108 Libraries/STM32F10x_StdPeriph_Driver/src/stm32f10x_rcc.o
 .debug_ranges  0x00000000000004f8       0x20 Startup/startup_stm32f10x_md.o
 .debug_ranges  0x0000000000000518       0x10 src/main.o
 .debug_ranges  0x0000000000000528       0x50 src/stm32f1xx_it.o
 .debug_ranges  0x0000000000000578       0x28 src/system_stm32f10x.o

.debug_macro    0x0000000000000000     0x2d5a
 .debug_macro   0x0000000000000000      0x43e Drivers/LCD_ILI9431/DISPLAY/DISPLAY.o
 .debug_macro   0x000000000000043e      0x43e Drivers/LCD_ILI9431/ILI9431/ILI9431.o
 .debug_macro   0x000000000000087c      0x43e Drivers/PROCESS/PROCESS.o
 .debug_macro   0x0000000000000cba      0x43e Drivers/TIMEOUT/TIMEOUT.o
 .debug_macro   0x00000000000010f8      0x17c FreeRTOS/Source/list.o
 .debug_macro   0x0000000000001274      0x271 FreeRTOS/Source/tasks.o
 .debug_macro   0x00000000000014e5       0x11 FreeRTOS/Source/tasks.o
 .debug_macro   0x00000000000014f6      0x182 FreeRTOS/Source/portable/GCC/ARM_CM3/port.o
 .debug_macro   0x0000000000001678      0x1aa FreeRTOS/Source/portable/MemMang/heap_2.o
 .debug_macro   0x0000000000001822      0x1e6 Libraries/STM32F10x_StdPeriph_Driver/src/stm32f10x_gpio.o
 .debug_macro   0x0000000000001a08      0x2a7 Libraries/STM32F10x_StdPeriph_Driver/src/stm32f10x_gpio.o
 .debug_macro   0x0000000000001caf      0x2b8 Libraries/STM32F10x_StdPeriph_Driver/src/stm32f10x_rcc.o
 .debug_macro   0x0000000000001f67      0x3dc Libraries/STM32F10x_StdPeriph_Driver/src/stm32f10x_rcc.o
 .debug_macro   0x0000000000002343      0x43e src/main.o
 .debug_macro   0x0000000000002781      0x43e src/stm32f1xx_it.o
 .debug_macro   0x0000000000002bbf      0x19b src/system_stm32f10x.o

.debug_line     0x0000000000000000     0x7da2
 .debug_line    0x0000000000000000      0xade Drivers/LCD_ILI9431/DISPLAY/DISPLAY.o
 .debug_line    0x0000000000000ade      0xc19 Drivers/LCD_ILI9431/ILI9431/ILI9431.o
 .debug_line    0x00000000000016f7      0xb32 Drivers/PROCESS/PROCESS.o
 .debug_line    0x0000000000002229      0xbae Drivers/TIMEOUT/TIMEOUT.o
 .debug_line    0x0000000000002dd7      0x63a FreeRTOS/Source/list.o
 .debug_line    0x0000000000003411      0xe93 FreeRTOS/Source/tasks.o
 .debug_line    0x00000000000042a4      0x5ca FreeRTOS/Source/portable/GCC/ARM_CM3/port.o
 .debug_line    0x000000000000486e      0x68c FreeRTOS/Source/portable/MemMang/heap_2.o
 .debug_line    0x0000000000004efa      0x826 Libraries/STM32F10x_StdPeriph_Driver/src/stm32f10x_gpio.o
 .debug_line    0x0000000000005720      0x922 Libraries/STM32F10x_StdPeriph_Driver/src/stm32f10x_rcc.o
 .debug_line    0x0000000000006042       0x80 Startup/startup_stm32f10x_md.o
 .debug_line    0x00000000000060c2      0xac2 src/main.o
 .debug_line    0x0000000000006b84      0xb5e src/stm32f1xx_it.o
 .debug_line    0x00000000000076e2      0x6c0 src/system_stm32f10x.o

.debug_str      0x0000000000000000    0x5b276
 .debug_str     0x0000000000000000    0x57386 Drivers/LCD_ILI9431/DISPLAY/DISPLAY.o
                                      0x576b9 (size before relaxing)
 .debug_str     0x0000000000057386      0x298 Drivers/LCD_ILI9431/ILI9431/ILI9431.o
                                      0x57903 (size before relaxing)
 .debug_str     0x000000000005761e       0xc5 Drivers/PROCESS/PROCESS.o
                                      0x57735 (size before relaxing)
 .debug_str     0x00000000000576e3      0x591 Drivers/TIMEOUT/TIMEOUT.o
                                      0x57bfb (size before relaxing)
 .debug_str     0x0000000000057c74      0x130 FreeRTOS/Source/list.o
                                       0x9e5d (size before relaxing)
 .debug_str     0x0000000000057da4     0x19ab FreeRTOS/Source/tasks.o
                                       0xbe38 (size before relaxing)
 .debug_str     0x000000000005974f      0x602 FreeRTOS/Source/portable/GCC/ARM_CM3/port.o
                                       0x7aa9 (size before relaxing)
 .debug_str     0x0000000000059d51      0x357 FreeRTOS/Source/portable/MemMang/heap_2.o
                                       0xa698 (size before relaxing)
 .debug_str     0x000000000005a0a8      0x4c5 Libraries/STM32F10x_StdPeriph_Driver/src/stm32f10x_gpio.o
                                      0x4e187 (size before relaxing)
 .debug_str     0x000000000005a56d      0xb6d Libraries/STM32F10x_StdPeriph_Driver/src/stm32f10x_rcc.o
                                      0x4e76d (size before relaxing)
 .debug_str     0x000000000005b0da       0x30 Startup/startup_stm32f10x_md.o
                                         0x61 (size before relaxing)
 .debug_str     0x000000000005b10a       0x13 src/main.o
                                      0x57678 (size before relaxing)
 .debug_str     0x000000000005b11d       0xaf src/stm32f1xx_it.o
                                      0x57714 (size before relaxing)
 .debug_str     0x000000000005b1cc       0xaa src/system_stm32f10x.o
                                      0x4dd17 (size before relaxing)

.comment        0x0000000000000000       0x7b
 .comment       0x0000000000000000       0x7b Drivers/LCD_ILI9431/DISPLAY/DISPLAY.o
                                         0x7c (size before relaxing)
 .comment       0x000000000000007b       0x7c Drivers/LCD_ILI9431/ILI9431/ILI9431.o
 .comment       0x000000000000007b       0x7c Drivers/PROCESS/PROCESS.o
 .comment       0x000000000000007b       0x7c Drivers/TIMEOUT/TIMEOUT.o
 .comment       0x000000000000007b       0x7c FreeRTOS/Source/list.o
 .comment       0x000000000000007b       0x7c FreeRTOS/Source/tasks.o
 .comment       0x000000000000007b       0x7c FreeRTOS/Source/portable/GCC/ARM_CM3/port.o
 .comment       0x000000000000007b       0x7c FreeRTOS/Source/portable/MemMang/heap_2.o
 .comment       0x000000000000007b       0x7c Libraries/STM32F10x_StdPeriph_Driver/src/stm32f10x_gpio.o
 .comment       0x000000000000007b       0x7c Libraries/STM32F10x_StdPeriph_Driver/src/stm32f10x_rcc.o
 .comment       0x000000000000007b       0x7c src/main.o
 .comment       0x000000000000007b       0x7c src/stm32f1xx_it.o
 .comment       0x000000000000007b       0x7c src/system_stm32f10x.o

.debug_frame    0x0000000000000000     0x17e8
 .debug_frame   0x0000000000000000       0x5c Drivers/LCD_ILI9431/DISPLAY/DISPLAY.o
 .debug_frame   0x000000000000005c      0x1b0 Drivers/LCD_ILI9431/ILI9431/ILI9431.o
 .debug_frame   0x000000000000020c       0xdc Drivers/PROCESS/PROCESS.o
 .debug_frame   0x00000000000002e8      0x168 Drivers/TIMEOUT/TIMEOUT.o
 .debug_frame   0x0000000000000450       0xd8 FreeRTOS/Source/list.o
 .debug_frame   0x0000000000000528      0x6e8 FreeRTOS/Source/tasks.o
 .debug_frame   0x0000000000000c10      0x154 FreeRTOS/Source/portable/GCC/ARM_CM3/port.o
 .debug_frame   0x0000000000000d64       0xc0 FreeRTOS/Source/portable/MemMang/heap_2.o
 .debug_frame   0x0000000000000e24      0x2d0 Libraries/STM32F10x_StdPeriph_Driver/src/stm32f10x_gpio.o
 .debug_frame   0x00000000000010f4      0x4f4 Libraries/STM32F10x_StdPeriph_Driver/src/stm32f10x_rcc.o
 .debug_frame   0x00000000000015e8       0x2c src/main.o
 .debug_frame   0x0000000000001614      0x110 src/stm32f1xx_it.o
 .debug_frame   0x0000000000001724       0x98 src/system_stm32f10x.o
 .debug_frame   0x00000000000017bc       0x2c c:/st/stm32cubeide_1.4.0/stm32cubeide/plugins/com.st.stm32cube.ide.mcu.externaltools.gnu-tools-for-stm32.7-2018-q2-update.win32_1.4.0.202007081208/tools/bin/../lib/gcc/arm-none-eabi/7.3.1/../../../../arm-none-eabi/lib/thumb/v7-m\libc_nano.a(lib_a-init.o)

.stabstr        0x0000000000000000       0x3f
 .stabstr       0x0000000000000000       0x3f c:/st/stm32cubeide_1.4.0/stm32cubeide/plugins/com.st.stm32cube.ide.mcu.externaltools.gnu-tools-for-stm32.7-2018-q2-update.win32_1.4.0.202007081208/tools/bin/../lib/gcc/arm-none-eabi/7.3.1/../../../../arm-none-eabi/lib/thumb/v7-m\libnosys.a(write.o)
