port.c:220:14:pxPortInitialiseStack	24	static
port.c:238:13:prvTaskExitError	16	static,ignoring_inline_asm
port.c:252:6:SVC_Handler	0	static,ignoring_inline_asm
port.c:272:13:prvPortStartFirstTask	0	static,ignoring_inline_asm
port.c:292:12:xPortStartScheduler	8	static
port.c:367:6:vPortEndScheduler	4	static
port.c:375:6:vPortEnterCritical	16	static,ignoring_inline_asm
port.c:392:6:vPortExitCritical	16	static,ignoring_inline_asm
port.c:403:6:PendSV_Handler	0	static,ignoring_inline_asm
port.c:440:6:SysTick_Handler	16	static,ignoring_inline_asm
port.c:622:30:vPortSetupTimerInterrupt	4	static
